M5-FITS/processed/v1/data_train_WI_3_FOODS_3.csv
,d,sales,tm_w_end,tm_dw,tm_wm,tm_m,tm_w,sell_price,snap_count,is_event,date
1056,1057,1424.0,0,4,3,12,51,2.802914,0,0,2013-12-20
1057,1058,2070.0,1,5,3,12,51,2.8023052,0,0,2013-12-21
1058,1059,1362.0,1,6,4,12,51,2.8023052,0,0,2013-12-22
1059,1060,1849.0,0,0,4,12,52,2.8023052,0,0,2013-12-23
1060,1061,1840.0,0,1,4,12,52,2.8023052,0,0,2013-12-24
1061,1062,1.0,0,2,4,12,52,2.8023052,0,1,2013-12-25
1062,1063,1528.0,0,3,4,12,52,2.8023052,0,0,2013-12-26
1063,1064,1607.0,0,4,4,12,52,2.8023052,0,0,2013-12-27
1064,1065,1676.0,1,5,4,12,52,2.8041546,0,0,2013-12-28
1065,1066,1631.0,1,6,5,12,52,2.8041546,0,0,2013-12-29
1066,1067,1550.0,0,0,5,12,1,2.8041546,0,0,2013-12-30
1067,1068,2104.0,0,1,5,12,1,2.8041546,0,0,2013-12-31
1068,1069,936.0,0,2,1,1,1,2.8041546,2,1,2014-01-01
1069,1070,1792.0,0,3,1,1,1,2.8041546,2,0,2014-01-02
1070,1071,2313.0,0,4,1,1,1,2.8041546,3,0,2014-01-03
1071,1072,2693.0,1,5,1,1,1,2.8081636,1,0,2014-01-04
1072,1073,2980.0,1,6,1,1,1,2.8081636,3,0,2014-01-05
1073,1074,1734.0,0,0,1,1,2,2.8081636,3,0,2014-01-06
1074,1075,1920.0,0,1,1,1,2,2.8081636,2,1,2014-01-07
1075,1076,2308.0,0,2,2,1,2,2.8081636,2,0,2014-01-08
1076,1077,2416.0,0,3,2,1,2,2.8081636,3,0,2014-01-09
1077,1078,1963.0,0,4,2,1,2,2.8081636,1,0,2014-01-10
1078,1079,2990.0,1,5,2,1,2,2.805259,2,0,2014-01-11
1079,1080,2898.0,1,6,2,1,2,2.805259,2,0,2014-01-12
1080,1081,1778.0,0,0,2,1,3,2.805259,1,0,2014-01-13
1081,1082,2206.0,0,1,2,1,3,2.805259,1,0,2014-01-14
1082,1083,1887.0,0,2,3,1,3,2.805259,2,0,2014-01-15
1083,1084,1611.0,0,3,3,1,3,2.805259,0,0,2014-01-16
1084,1085,1889.0,0,4,3,1,3,2.805259,0,0,2014-01-17
1085,1086,2227.0,1,5,3,1,3,2.7976503,0,0,2014-01-18
1086,1087,2215.0,1,6,3,1,3,2.7976503,0,0,2014-01-19
1087,1088,1403.0,0,0,3,1,4,2.7976503,0,1,2014-01-20
1088,1089,1296.0,0,1,3,1,4,2.7976503,0,0,2014-01-21
1089,1090,1193.0,0,2,4,1,4,2.7976503,0,0,2014-01-22
1090,1091,1098.0,0,3,4,1,4,2.7976503,0,0,2014-01-23
1091,1092,1318.0,0,4,4,1,4,2.7976503,0,0,2014-01-24
1092,1093,1867.0,1,5,4,1,4,2.782275,0,0,2014-01-25
1093,1094,1686.0,1,6,4,1,4,2.782275,0,0,2014-01-26
1094,1095,1178.0,0,0,4,1,5,2.782275,0,0,2014-01-27
1095,1096,892.0,0,1,4,1,5,2.782275,0,0,2014-01-28
1096,1097,1160.0,0,2,5,1,5,2.782275,0,0,2014-01-29
1097,1098,1139.0,0,3,5,1,5,2.782275,0,0,2014-01-30
1098,1099,1850.0,0,4,5,1,5,2.782275,0,0,2014-01-31
1099,1100,1966.0,1,5,1,2,5,2.7788486,2,0,2014-02-01
1100,1101,2661.0,1,6,1,2,5,2.7788486,2,1,2014-02-02
1101,1102,2182.0,0,0,1,2,6,2.7788486,3,0,2014-02-03
1102,1103,1599.0,0,1,1,2,6,2.7788486,1,0,2014-02-04
1103,1104,1582.0,0,2,1,2,6,2.7788486,3,0,2014-02-05
1104,1105,1733.0,0,3,1,2,6,2.7788486,3,0,2014-02-06
1105,1106,1487.0,0,4,1,2,6,2.7788486,2,0,2014-02-07
1106,1107,2186.0,1,5,2,2,6,2.7767363,2,0,2014-02-08
1107,1108,2458.0,1,6,2,2,6,2.7767363,3,0,2014-02-09
1108,1109,1391.0,0,0,2,2,7,2.7767363,1,0,2014-02-10
1109,1110,1791.0,0,1,2,2,7,2.7767363,2,0,2014-02-11
1110,1111,1901.0,0,2,2,2,7,2.7767363,2,0,2014-02-12
1111,1112,1545.0,0,3,2,2,7,2.7767363,1,0,2014-02-13
1112,1113,1602.0,0,4,2,2,7,2.7767363,1,1,2014-02-14
1113,1114,2447.0,1,5,3,2,7,2.773722,2,0,2014-02-15
1114,1115,2311.0,1,6,3,2,7,2.773722,0,0,2014-02-16
1115,1116,1189.0,0,0,3,2,8,2.773722,0,1,2014-02-17
1116,1117,1667.0,0,1,3,2,8,2.773722,0,0,2014-02-18
1117,1118,1583.0,0,2,3,2,8,2.773722,0,0,2014-02-19
1118,1119,1279.0,0,3,3,2,8,2.773722,0,0,2014-02-20
1119,1120,1424.0,0,4,3,2,8,2.773722,0,0,2014-02-21
1120,1121,1877.0,1,5,4,2,8,2.7716403,0,0,2014-02-22
1121,1122,1910.0,1,6,4,2,8,2.7716403,0,0,2014-02-23
1122,1123,1419.0,0,0,4,2,9,2.7716403,0,0,2014-02-24
1123,1124,1404.0,0,1,4,2,9,2.7716403,0,0,2014-02-25
1124,1125,1059.0,0,2,4,2,9,2.7716403,0,0,2014-02-26
1125,1126,1138.0,0,3,4,2,9,2.7716403,0,0,2014-02-27
1126,1127,1534.0,0,4,4,2,9,2.7716403,0,0,2014-02-28
1127,1128,1758.0,1,5,1,3,9,2.7759063,2,0,2014-03-01
1128,1129,2302.0,1,6,1,3,9,2.7759063,2,0,2014-03-02
1129,1130,1903.0,0,0,1,3,10,2.7759063,3,0,2014-03-03
1130,1131,1385.0,0,1,1,3,10,2.7759063,1,0,2014-03-04
1131,1132,1551.0,0,2,1,3,10,2.7759063,3,1,2014-03-05
1132,1133,1619.0,0,3,1,3,10,2.7759063,3,0,2014-03-06
1133,1134,1788.0,0,4,1,3,10,2.7759063,2,0,2014-03-07
1134,1135,2178.0,1,5,2,3,10,2.776986,2,0,2014-03-08
1135,1136,2442.0,1,6,2,3,10,2.776986,3,0,2014-03-09
1136,1137,1845.0,0,0,2,3,11,2.776986,1,0,2014-03-10
1137,1138,2021.0,0,1,2,3,11,2.776986,2,0,2014-03-11
1138,1139,1863.0,0,2,2,3,11,2.776986,2,1,2014-03-12
1139,1140,1469.0,0,3,2,3,11,2.776986,1,0,2014-03-13
1140,1141,2004.0,0,4,2,3,11,2.776986,1,0,2014-03-14
1141,1142,2416.0,1,5,3,3,11,2.7736337,2,0,2014-03-15
1142,1143,2337.0,1,6,3,3,11,2.7736337,0,1,2014-03-16
1143,1144,1564.0,0,0,3,3,12,2.7736337,0,1,2014-03-17
1144,1145,1530.0,0,1,3,3,12,2.7736337,0,0,2014-03-18
1145,1146,1256.0,0,2,3,3,12,2.7736337,0,0,2014-03-19
1146,1147,1409.0,0,3,3,3,12,2.7736337,0,0,2014-03-20
1147,1148,1611.0,0,4,3,3,12,2.7736337,0,0,2014-03-21
1148,1149,1897.0,1,5,4,3,12,2.7802758,0,0,2014-03-22
1149,1150,2048.0,1,6,4,3,12,2.7802758,0,0,2014-03-23
1150,1151,1335.0,0,0,4,3,13,2.7802758,0,0,2014-03-24
1151,1152,1207.0,0,1,4,3,13,2.7802758,0,0,2014-03-25
1152,1153,1212.0,0,2,4,3,13,2.7802758,0,0,2014-03-26
1153,1154,1162.0,0,3,4,3,13,2.7802758,0,0,2014-03-27
1154,1155,1510.0,0,4,4,3,13,2.7802758,0,0,2014-03-28
1155,1156,1939.0,1,5,5,3,13,2.7830977,0,0,2014-03-29
1156,1157,1850.0,1,6,5,3,13,2.7830977,0,0,2014-03-30
1157,1158,1260.0,0,0,5,3,14,2.7830977,0,0,2014-03-31
1158,1159,1205.0,0,1,1,4,14,2.7830977,2,0,2014-04-01
1159,1160,1732.0,0,2,1,4,14,2.7830977,2,0,2014-04-02
1160,1161,1818.0,0,3,1,4,14,2.7830977,3,0,2014-04-03
1161,1162,1453.0,0,4,1,4,14,2.7830977,1,0,2014-04-04
1162,1163,2095.0,1,5,1,4,14,2.7802837,3,0,2014-04-05
1163,1164,2184.0,1,6,1,4,14,2.7802837,3,0,2014-04-06
1164,1165,1561.0,0,0,1,4,15,2.7802837,2,0,2014-04-07
1165,1166,1568.0,0,1,2,4,15,2.7802837,2,0,2014-04-08
1166,1167,1748.0,0,2,2,4,15,2.7802837,3,0,2014-04-09
1167,1168,1175.0,0,3,2,4,15,2.7802837,1,0,2014-04-10
1168,1169,2025.0,0,4,2,4,15,2.7802837,2,0,2014-04-11
1169,1170,2239.0,1,5,2,4,15,2.7779715,2,0,2014-04-12
1170,1171,1907.0,1,6,2,4,15,2.7779715,1,0,2014-04-13
1171,1172,1802.0,0,0,2,4,16,2.7779715,1,0,2014-04-14
1172,1173,1747.0,0,1,3,4,16,2.7779715,2,0,2014-04-15
1173,1174,1532.0,0,2,3,4,16,2.7779715,0,0,2014-04-16
1174,1175,1503.0,0,3,3,4,16,2.7779715,0,0,2014-04-17
1175,1176,1581.0,0,4,3,4,16,2.7779715,0,0,2014-04-18
1176,1177,2033.0,1,5,3,4,16,2.7837942,0,0,2014-04-19
1177,1178,1799.0,1,6,3,4,16,2.7837942,0,2,2014-04-20
1178,1179,1156.0,0,0,3,4,17,2.7837942,0,0,2014-04-21
1179,1180,1351.0,0,1,4,4,17,2.7837942,0,1,2014-04-22
1180,1181,1200.0,0,2,4,4,17,2.7837942,0,0,2014-04-23
1181,1182,1169.0,0,3,4,4,17,2.7837942,0,0,2014-04-24
1182,1183,1404.0,0,4,4,4,17,2.7837942,0,0,2014-04-25
1183,1184,1613.0,1,5,4,4,17,2.7838035,0,0,2014-04-26
1184,1185,1667.0,1,6,4,4,17,2.7838035,0,0,2014-04-27
1185,1186,1084.0,0,0,4,4,18,2.7838035,0,0,2014-04-28
1186,1187,1222.0,0,1,5,4,18,2.7838035,0,0,2014-04-29
1187,1188,903.0,0,2,5,4,18,2.7838035,0,0,2014-04-30
1188,1189,1107.0,0,3,1,5,18,2.7838035,2,0,2014-05-01
1189,1190,1888.0,0,4,1,5,18,2.7838035,2,0,2014-05-02
1190,1191,2124.0,1,5,1,5,18,2.7875764,3,0,2014-05-03
1191,1192,1811.0,1,6,1,5,18,2.7875764,1,0,2014-05-04
1192,1193,1484.0,0,0,1,5,19,2.7875764,3,1,2014-05-05
1193,1194,1322.0,0,1,1,5,19,2.7875764,3,0,2014-05-06
1194,1195,1242.0,0,2,1,5,19,2.7875764,2,0,2014-05-07
1195,1196,1536.0,0,3,2,5,19,2.7875764,2,0,2014-05-08
1196,1197,1837.0,0,4,2,5,19,2.7875764,3,0,2014-05-09
1197,1198,1844.0,1,5,2,5,19,2.7942097,1,0,2014-05-10
1198,1199,1816.0,1,6,2,5,19,2.7942097,2,1,2014-05-11
1199,1200,1828.0,0,0,2,5,20,2.7942097,2,0,2014-05-12
1200,1201,1623.0,0,1,2,5,20,2.7942097,1,0,2014-05-13
1201,1202,1834.0,0,2,2,5,20,2.7942097,1,0,2014-05-14
1202,1203,1582.0,0,3,3,5,20,2.7942097,2,0,2014-05-15
1203,1204,1489.0,0,4,3,5,20,2.7942097,0,0,2014-05-16
1204,1205,1609.0,1,5,3,5,20,2.802493,0,0,2014-05-17
1205,1206,1878.0,1,6,3,5,20,2.802493,0,0,2014-05-18
1206,1207,1279.0,0,0,3,5,21,2.802493,0,0,2014-05-19
1207,1208,1243.0,0,1,3,5,21,2.802493,0,0,2014-05-20
1208,1209,1228.0,0,2,3,5,21,2.802493,0,0,2014-05-21
1209,1210,1240.0,0,3,4,5,21,2.802493,0,0,2014-05-22
1210,1211,1419.0,0,4,4,5,21,2.802493,0,0,2014-05-23
1211,1212,1718.0,1,5,4,5,21,2.802229,0,0,2014-05-24
1212,1213,1535.0,1,6,4,5,21,2.802229,0,0,2014-05-25
1213,1214,1534.0,0,0,4,5,22,2.802229,0,1,2014-05-26
1214,1215,1094.0,0,1,4,5,22,2.802229,0,0,2014-05-27
1215,1216,901.0,0,2,4,5,22,2.802229,0,0,2014-05-28
1216,1217,1146.0,0,3,5,5,22,2.802229,0,0,2014-05-29
1217,1218,1278.0,0,4,5,5,22,2.802229,0,0,2014-05-30
1218,1219,1603.0,1,5,5,5,22,2.7997022,0,0,2014-05-31
1219,1220,1615.0,1,6,1,6,22,2.7997022,2,0,2014-06-01
1220,1221,1889.0,0,0,1,6,23,2.7997022,2,0,2014-06-02
1221,1222,1909.0,0,1,1,6,23,2.7997022,3,0,2014-06-03
1222,1223,1181.0,0,2,1,6,23,2.7997022,1,0,2014-06-04
1223,1224,1607.0,0,3,1,6,23,2.7997022,3,1,2014-06-05
1224,1225,1899.0,0,4,1,6,23,2.7997022,3,0,2014-06-06
1225,1226,1874.0,1,5,1,6,23,2.806975,2,0,2014-06-07
1226,1227,1896.0,1,6,2,6,23,2.806975,2,0,2014-06-08
1227,1228,1790.0,0,0,2,6,24,2.806975,3,0,2014-06-09
1228,1229,1340.0,0,1,2,6,24,2.806975,1,0,2014-06-10
1229,1230,1404.0,0,2,2,6,24,2.806975,2,0,2014-06-11
1230,1231,1741.0,0,3,2,6,24,2.806975,2,0,2014-06-12
1231,1232,1657.0,0,4,2,6,24,2.806975,1,0,2014-06-13
1232,1233,2082.0,1,5,2,6,24,2.8094435,1,0,2014-06-14
1233,1234,2344.0,1,6,3,6,24,2.8094435,2,2,2014-06-15
1234,1235,1553.0,0,0,3,6,25,2.8094435,0,0,2014-06-16
1235,1236,1587.0,0,1,3,6,25,2.8094435,0,0,2014-06-17
1236,1237,1192.0,0,2,3,6,25,2.8094435,0,0,2014-06-18
1237,1238,1238.0,0,3,3,6,25,2.8094435,0,0,2014-06-19
1238,1239,1513.0,0,4,3,6,25,2.8094435,0,0,2014-06-20
1239,1240,1667.0,1,5,3,6,25,2.8110118,0,0,2014-06-21
1240,1241,1746.0,1,6,4,6,25,2.8110118,0,0,2014-06-22
1241,1242,1205.0,0,0,4,6,26,2.8110118,0,0,2014-06-23
1242,1243,1322.0,0,1,4,6,26,2.8110118,0,0,2014-06-24
1243,1244,1007.0,0,2,4,6,26,2.8110118,0,0,2014-06-25
1244,1245,1027.0,0,3,4,6,26,2.8110118,0,0,2014-06-26
1245,1246,1262.0,0,4,4,6,26,2.8110118,0,0,2014-06-27
1246,1247,1676.0,1,5,4,6,26,2.8160048,0,0,2014-06-28
1247,1248,1735.0,1,6,5,6,26,2.8160048,0,1,2014-06-29
1248,1249,1323.0,0,0,5,6,27,2.8160048,0,0,2014-06-30
1249,1250,1507.0,0,1,1,7,27,2.8160048,2,0,2014-07-01
1250,1251,1926.0,0,2,1,7,27,2.8160048,2,0,2014-07-02
1251,1252,2328.0,0,3,1,7,27,2.8160048,3,0,2014-07-03
1252,1253,1866.0,0,4,1,7,27,2.8160048,1,1,2014-07-04
1253,1254,1705.0,1,5,1,7,27,2.816219,3,0,2014-07-05
1254,1255,2081.0,1,6,1,7,27,2.816219,3,0,2014-07-06
1255,1256,1298.0,0,0,1,7,28,2.816219,2,0,2014-07-07
1256,1257,1735.0,0,1,2,7,28,2.816219,2,0,2014-07-08
1257,1258,1690.0,0,2,2,7,28,2.816219,3,0,2014-07-09
1258,1259,1494.0,0,3,2,7,28,2.816219,1,0,2014-07-10
1259,1260,2001.0,0,4,2,7,28,2.816219,2,0,2014-07-11
1260,1261,2208.0,1,5,2,7,28,2.8159513,2,0,2014-07-12
1261,1262,2053.0,1,6,2,7,28,2.8159513,1,0,2014-07-13
1262,1263,1794.0,0,0,2,7,29,2.8159513,1,0,2014-07-14
1263,1264,1712.0,0,1,3,7,29,2.8159513,2,0,2014-07-15
1264,1265,1356.0,0,2,3,7,29,2.8159513,0,0,2014-07-16
1265,1266,1346.0,0,3,3,7,29,2.8159513,0,0,2014-07-17
1266,1267,1531.0,0,4,3,7,29,2.8159513,0,0,2014-07-18
1267,1268,1648.0,1,5,3,7,29,2.8175483,0,0,2014-07-19
1268,1269,1633.0,1,6,3,7,29,2.8175483,0,0,2014-07-20
1269,1270,1224.0,0,0,3,7,30,2.8175483,0,0,2014-07-21
1270,1271,1380.0,0,1,4,7,30,2.8175483,0,0,2014-07-22
1271,1272,1023.0,0,2,4,7,30,2.8175483,0,0,2014-07-23
1272,1273,1029.0,0,3,4,7,30,2.8175483,0,0,2014-07-24
1273,1274,1283.0,0,4,4,7,30,2.8175483,0,0,2014-07-25
1274,1275,1612.0,1,5,4,7,30,2.8187027,0,0,2014-07-26
1275,1276,1539.0,1,6,4,7,30,2.8187027,0,0,2014-07-27
1276,1277,1049.0,0,0,4,7,31,2.8187027,0,0,2014-07-28
1277,1278,1203.0,0,1,5,7,31,2.8187027,0,1,2014-07-29
1278,1279,1054.0,0,2,5,7,31,2.8187027,0,0,2014-07-30
1279,1280,1165.0,0,3,5,7,31,2.8187027,0,0,2014-07-31
1280,1281,1492.0,0,4,1,8,31,2.8187027,2,0,2014-08-01
1281,1282,2389.0,1,5,1,8,31,2.8222451,2,0,2014-08-02
1282,1283,2214.0,1,6,1,8,31,2.8222451,3,0,2014-08-03
1283,1284,1363.0,0,0,1,8,32,2.8222451,1,0,2014-08-04
1284,1285,1465.0,0,1,1,8,32,2.8222451,3,0,2014-08-05
1285,1286,1706.0,0,2,1,8,32,2.8222451,3,0,2014-08-06
1286,1287,1365.0,0,3,1,8,32,2.8222451,2,0,2014-08-07
1287,1288,1740.0,0,4,2,8,32,2.8222451,2,0,2014-08-08
1288,1289,2023.0,1,5,2,8,32,2.8109648,3,0,2014-08-09
1289,1290,1821.0,1,6,2,8,32,2.8109648,1,0,2014-08-10
1290,1291,1640.0,0,0,2,8,33,2.8109648,2,0,2014-08-11
1291,1292,1820.0,0,1,2,8,33,2.8109648,2,0,2014-08-12
1292,1293,1313.0,0,2,2,8,33,2.8109648,1,0,2014-08-13
1293,1294,1576.0,0,3,2,8,33,2.8109648,1,0,2014-08-14
1294,1295,2020.0,0,4,3,8,33,2.8109648,2,0,2014-08-15
1295,1296,1947.0,1,5,3,8,33,2.8090181,0,0,2014-08-16
1296,1297,1785.0,1,6,3,8,33,2.8090181,0,0,2014-08-17
1297,1298,1446.0,0,0,3,8,34,2.8090181,0,0,2014-08-18
1298,1299,1410.0,0,1,3,8,34,2.8090181,0,0,2014-08-19
1299,1300,1316.0,0,2,3,8,34,2.8090181,0,0,2014-08-20
1300,1301,1153.0,0,3,3,8,34,2.8090181,0,0,2014-08-21
1301,1302,1384.0,0,4,4,8,34,2.8090181,0,0,2014-08-22
1302,1303,1580.0,1,5,4,8,34,2.8190165,0,0,2014-08-23
1303,1304,1699.0,1,6,4,8,34,2.8190165,0,0,2014-08-24
1304,1305,1394.0,0,0,4,8,35,2.8190165,0,0,2014-08-25
1305,1306,1233.0,0,1,4,8,35,2.8190165,0,0,2014-08-26
1306,1307,1115.0,0,2,4,8,35,2.8190165,0,0,2014-08-27
1307,1308,1097.0,0,3,4,8,35,2.8190165,0,0,2014-08-28
1308,1309,1703.0,0,4,5,8,35,2.8190165,0,0,2014-08-29
1309,1310,1783.0,1,5,5,8,35,2.826767,0,0,2014-08-30
1310,1311,1675.0,1,6,5,8,35,2.826767,0,0,2014-08-31
1311,1312,1779.0,0,0,1,9,36,2.826767,2,1,2014-09-01
1312,1313,1603.0,0,1,1,9,36,2.826767,2,0,2014-09-02
1313,1314,1951.0,0,2,1,9,36,2.826767,3,0,2014-09-03
1314,1315,1571.0,0,3,1,9,36,2.826767,1,0,2014-09-04
1315,1316,1865.0,0,4,1,9,36,2.826767,3,0,2014-09-05
1316,1317,2502.0,1,5,1,9,36,2.8288262,3,0,2014-09-06
1317,1318,2216.0,1,6,1,9,36,2.8288262,2,0,2014-09-07
1318,1319,1825.0,0,0,2,9,37,2.8288262,2,0,2014-09-08
1319,1320,1949.0,0,1,2,9,37,2.8288262,3,0,2014-09-09
1320,1321,1180.0,0,2,2,9,37,2.8288262,1,0,2014-09-10
1321,1322,1581.0,0,3,2,9,37,2.8288262,2,0,2014-09-11
1322,1323,1830.0,0,4,2,9,37,2.8288262,2,0,2014-09-12
1323,1324,1996.0,1,5,2,9,37,2.8258276,1,0,2014-09-13
1324,1325,2233.0,1,6,2,9,37,2.8258276,1,0,2014-09-14
1325,1326,1691.0,0,0,3,9,38,2.8258276,2,0,2014-09-15
1326,1327,1287.0,0,1,3,9,38,2.8258276,0,0,2014-09-16
1327,1328,1096.0,0,2,3,9,38,2.8258276,0,0,2014-09-17
1328,1329,1091.0,0,3,3,9,38,2.8258276,0,0,2014-09-18
1329,1330,1317.0,0,4,3,9,38,2.8258276,0,0,2014-09-19
1330,1331,1648.0,1,5,3,9,38,2.8280923,0,0,2014-09-20
1331,1332,1585.0,1,6,3,9,38,2.8280923,0,0,2014-09-21
1332,1333,1248.0,0,0,4,9,39,2.8280923,0,0,2014-09-22
1333,1334,1050.0,0,1,4,9,39,2.8280923,0,0,2014-09-23
1334,1335,1114.0,0,2,4,9,39,2.8280923,0,0,2014-09-24
1335,1336,1051.0,0,3,4,9,39,2.8280923,0,0,2014-09-25
1336,1337,1433.0,0,4,4,9,39,2.8280923,0,0,2014-09-26
1337,1338,1813.0,1,5,4,9,39,2.8324924,0,0,2014-09-27
1338,1339,1630.0,1,6,4,9,39,2.8324924,0,0,2014-09-28
1339,1340,1185.0,0,0,5,9,40,2.8324924,0,0,2014-09-29
1340,1341,1144.0,0,1,5,9,40,2.8324924,0,0,2014-09-30
1341,1342,1296.0,0,2,1,10,40,2.8324924,2,0,2014-10-01
1342,1343,1548.0,0,3,1,10,40,2.8324924,2,0,2014-10-02
1343,1344,1927.0,0,4,1,10,40,2.8324924,3,0,2014-10-03
1344,1345,2120.0,1,5,1,10,40,2.8346584,1,1,2014-10-04
1345,1346,2280.0,1,6,1,10,40,2.8346584,3,0,2014-10-05
1346,1347,1596.0,0,0,1,10,41,2.8346584,3,0,2014-10-06
1347,1348,1306.0,0,1,1,10,41,2.8346584,2,0,2014-10-07
1348,1349,1405.0,0,2,2,10,41,2.8346584,2,0,2014-10-08
1349,1350,1545.0,0,3,2,10,41,2.8346584,3,0,2014-10-09
1350,1351,1555.0,0,4,2,10,41,2.8346584,1,0,2014-10-10
1351,1352,2103.0,1,5,2,10,41,2.834822,2,0,2014-10-11
1352,1353,2224.0,1,6,2,10,41,2.834822,2,0,2014-10-12
1353,1354,1209.0,0,0,2,10,42,2.834822,1,1,2014-10-13
1354,1355,1725.0,0,1,2,10,42,2.834822,1,0,2014-10-14
1355,1356,1501.0,0,2,3,10,42,2.834822,2,0,2014-10-15
1356,1357,1242.0,0,3,3,10,42,2.834822,0,0,2014-10-16
1357,1358,1563.0,0,4,3,10,42,2.834822,0,0,2014-10-17
1358,1359,1958.0,1,5,3,10,42,2.8337562,0,0,2014-10-18
1359,1360,1846.0,1,6,3,10,42,2.8337562,0,0,2014-10-19
1360,1361,1322.0,0,0,3,10,43,2.8337562,0,0,2014-10-20
1361,1362,1226.0,0,1,3,10,43,2.8337562,0,0,2014-10-21
1362,1363,1129.0,0,2,4,10,43,2.8337562,0,0,2014-10-22
1363,1364,1098.0,0,3,4,10,43,2.8337562,0,0,2014-10-23
1364,1365,1499.0,0,4,4,10,43,2.8337562,0,0,2014-10-24
1365,1366,1860.0,1,5,4,10,43,2.8356302,0,0,2014-10-25
1366,1367,1640.0,1,6,4,10,43,2.8356302,0,0,2014-10-26
1367,1368,1289.0,0,0,4,10,44,2.8356302,0,0,2014-10-27
1368,1369,1022.0,0,1,4,10,44,2.8356302,0,0,2014-10-28
1369,1370,1100.0,0,2,5,10,44,2.8356302,0,0,2014-10-29
1370,1371,1131.0,0,3,5,10,44,2.8356302,0,0,2014-10-30
1371,1372,1324.0,0,4,5,10,44,2.8356302,0,1,2014-10-31
1372,1373,1755.0,1,5,1,11,44,2.8390992,2,0,2014-11-01
1373,1374,2439.0,1,6,1,11,44,2.8390992,2,0,2014-11-02
1374,1375,2072.0,0,0,1,11,45,2.8390992,3,0,2014-11-03
1375,1376,1539.0,0,1,1,11,45,2.8390992,1,0,2014-11-04
1376,1377,1514.0,0,2,1,11,45,2.8390992,3,0,2014-11-05
1377,1378,1653.0,0,3,1,11,45,2.8390992,3,0,2014-11-06
1378,1379,1442.0,0,4,1,11,45,2.8390992,2,0,2014-11-07
1379,1380,2148.0,1,5,2,11,45,2.841624,2,0,2014-11-08
1380,1381,2315.0,1,6,2,11,45,2.841624,3,0,2014-11-09
1381,1382,1306.0,0,0,2,11,46,2.841624,1,0,2014-11-10
1382,1383,1604.0,0,1,2,11,46,2.841624,2,1,2014-11-11
1383,1384,1544.0,0,2,2,11,46,2.841624,2,0,2014-11-12
1384,1385,1174.0,0,3,2,11,46,2.841624,1,0,2014-11-13
1385,1386,1722.0,0,4,2,11,46,2.841624,1,0,2014-11-14
1386,1387,1913.0,1,5,3,11,46,2.8399346,2,0,2014-11-15
1387,1388,1904.0,1,6,3,11,46,2.8399346,0,0,2014-11-16
1388,1389,1282.0,0,0,3,11,47,2.8399346,0,0,2014-11-17
1389,1390,1170.0,0,1,3,11,47,2.8399346,0,0,2014-11-18
1390,1391,1032.0,0,2,3,11,47,2.8399346,0,0,2014-11-19
1391,1392,1021.0,0,3,3,11,47,2.8399346,0,0,2014-11-20
1392,1393,1259.0,0,4,3,11,47,2.8399346,0,0,2014-11-21
1393,1394,1627.0,1,5,4,11,47,2.8473234,0,0,2014-11-22
