M5-FITS/processed/v1/data_train_WI_3_FOODS_3.csv
,d,sales,tm_w_end,tm_dw,tm_wm,tm_m,tm_w,sell_price,snap_count,is_event,date
1394,1395,1510.0,1,6,4,11,47,2.8473234,0,0,2014-11-23
1395,1396,1002.0,0,0,4,11,48,2.8473234,0,0,2014-11-24
1396,1397,1375.0,0,1,4,11,48,2.8473234,0,0,2014-11-25
1397,1398,1692.0,0,2,4,11,48,2.8473234,0,0,2014-11-26
1398,1399,1403.0,0,3,4,11,48,2.8473234,0,1,2014-11-27
1399,1400,1227.0,0,4,4,11,48,2.8473234,0,0,2014-11-28
1400,1401,1505.0,1,5,5,11,48,2.8535345,0,0,2014-11-29
1401,1402,1380.0,1,6,5,11,48,2.8535345,0,0,2014-11-30
1402,1403,970.0,0,0,1,12,49,2.8535345,2,0,2014-12-01
1403,1404,1381.0,0,1,1,12,49,2.8535345,2,0,2014-12-02
1404,1405,1316.0,0,2,1,12,49,2.8535345,3,0,2014-12-03
1405,1406,1088.0,0,3,1,12,49,2.8535345,1,0,2014-12-04
1406,1407,1362.0,0,4,1,12,49,2.8535345,3,0,2014-12-05
1407,1408,1692.0,1,5,1,12,49,2.857276,3,0,2014-12-06
1408,1409,1515.0,1,6,1,12,49,2.857276,2,0,2014-12-07
1409,1410,1419.0,0,0,2,12,50,2.857276,2,0,2014-12-08
1410,1411,1322.0,0,1,2,12,50,2.857276,3,0,2014-12-09
1411,1412,1029.0,0,2,2,12,50,2.857276,1,0,2014-12-10
1412,1413,1258.0,0,3,2,12,50,2.857276,2,0,2014-12-11
1413,1414,1417.0,0,4,2,12,50,2.857276,2,0,2014-12-12
1414,1415,1518.0,1,5,2,12,50,2.8524632,1,0,2014-12-13
1415,1416,1698.0,1,6,2,12,50,2.8524632,1,0,2014-12-14
1416,1417,1506.0,0,0,3,12,51,2.8524632,2,0,2014-12-15
1417,1418,1202.0,0,1,3,12,51,2.8524632,0,0,2014-12-16
1418,1419,923.0,0,2,3,12,51,2.8524632,0,0,2014-12-17
1419,1420,1205.0,0,3,3,12,51,2.8524632,0,0,2014-12-18
1420,1421,1180.0,0,4,3,12,51,2.8524632,0,0,2014-12-19
1421,1422,1321.0,1,5,3,12,51,2.8554893,0,0,2014-12-20
1422,1423,1464.0,1,6,3,12,51,2.8554893,0,0,2014-12-21
1423,1424,1140.0,0,0,4,12,52,2.8554893,0,0,2014-12-22
1424,1425,1529.0,0,1,4,12,52,2.8554893,0,0,2014-12-23
1425,1426,1495.0,0,2,4,12,52,2.8554893,0,1,2014-12-24
1426,1427,1.0,0,3,4,12,52,2.8554893,0,1,2014-12-25
1427,1428,1346.0,0,4,4,12,52,2.8554893,0,0,2014-12-26
1428,1429,1239.0,1,5,4,12,52,2.854792,0,0,2014-12-27
1429,1430,1376.0,1,6,4,12,52,2.854792,0,0,2014-12-28
1430,1431,1102.0,0,0,5,12,1,2.854792,0,0,2014-12-29
1431,1432,1174.0,0,1,5,12,1,2.854792,0,0,2014-12-30
1432,1433,1765.0,0,2,5,12,1,2.854792,0,0,2014-12-31
1433,1434,864.0,0,3,1,1,1,2.854792,2,1,2015-01-01
1434,1435,1972.0,0,4,1,1,1,2.854792,2,0,2015-01-02
1435,1436,1971.0,1,5,1,1,1,2.8562295,3,0,2015-01-03
1436,1437,1856.0,1,6,1,1,1,2.8562295,1,0,2015-01-04
1437,1438,1698.0,0,0,1,1,2,2.8562295,3,0,2015-01-05
1438,1439,1965.0,0,1,1,1,2,2.8562295,3,0,2015-01-06
1439,1440,1061.0,0,2,1,1,2,2.8562295,2,1,2015-01-07
1440,1441,1439.0,0,3,2,1,2,2.8562295,2,0,2015-01-08
1441,1442,1776.0,0,4,2,1,2,2.8562295,3,0,2015-01-09
1442,1443,2249.0,1,5,2,1,2,2.8500888,1,0,2015-01-10
1443,1444,2276.0,1,6,2,1,2,2.8500888,2,0,2015-01-11
1444,1445,1826.0,0,0,2,1,3,2.8500888,2,0,2015-01-12
1445,1446,1459.0,0,1,2,1,3,2.8500888,1,0,2015-01-13
1446,1447,1470.0,0,2,2,1,3,2.8500888,1,0,2015-01-14
1447,1448,1567.0,0,3,3,1,3,2.8500888,2,0,2015-01-15
1448,1449,1702.0,0,4,3,1,3,2.8500888,0,0,2015-01-16
1449,1450,2060.0,1,5,3,1,3,2.853116,0,0,2015-01-17
1450,1451,1660.0,1,6,3,1,3,2.853116,0,0,2015-01-18
1451,1452,1324.0,0,0,3,1,4,2.853116,0,1,2015-01-19
1452,1453,1145.0,0,1,3,1,4,2.853116,0,0,2015-01-20
1453,1454,1050.0,0,2,3,1,4,2.853116,0,0,2015-01-21
1454,1455,1008.0,0,3,4,1,4,2.853116,0,0,2015-01-22
1455,1456,1309.0,0,4,4,1,4,2.853116,0,0,2015-01-23
1456,1457,1714.0,1,5,4,1,4,2.8467042,0,0,2015-01-24
1457,1458,1704.0,1,6,4,1,4,2.8467042,0,0,2015-01-25
1458,1459,1174.0,0,0,4,1,5,2.8467042,0,0,2015-01-26
1459,1460,1053.0,0,1,4,1,5,2.8467042,0,0,2015-01-27
1460,1461,1156.0,0,2,4,1,5,2.8467042,0,0,2015-01-28
1461,1462,1075.0,0,3,5,1,5,2.8467042,0,0,2015-01-29
1462,1463,1673.0,0,4,5,1,5,2.8467042,0,0,2015-01-30
1463,1464,2516.0,1,5,5,1,5,2.8455572,0,0,2015-01-31
1464,1465,1168.0,1,6,1,2,5,2.8455572,2,1,2015-02-01
1465,1466,1785.0,0,0,1,2,6,2.8455572,2,0,2015-02-02
1466,1467,1985.0,0,1,1,2,6,2.8455572,3,0,2015-02-03
1467,1468,1523.0,0,2,1,2,6,2.8455572,1,0,2015-02-04
1468,1469,1575.0,0,3,1,2,6,2.8455572,3,0,2015-02-05
1469,1470,1968.0,0,4,1,2,6,2.8455572,3,0,2015-02-06
1470,1471,2268.0,1,5,1,2,6,2.8552558,2,0,2015-02-07
1471,1472,2427.0,1,6,2,2,6,2.8552558,2,0,2015-02-08
1472,1473,1959.0,0,0,2,2,7,2.8552558,3,0,2015-02-09
1473,1474,1707.0,0,1,2,2,7,2.8552558,1,0,2015-02-10
1474,1475,1714.0,0,2,2,2,7,2.8552558,2,0,2015-02-11
1475,1476,2047.0,0,3,2,2,7,2.8552558,2,0,2015-02-12
1476,1477,1677.0,0,4,2,2,7,2.8552558,1,0,2015-02-13
1477,1478,2173.0,1,5,2,2,7,2.8551333,1,1,2015-02-14
1478,1479,2152.0,1,6,3,2,7,2.8551333,2,0,2015-02-15
1479,1480,1737.0,0,0,3,2,8,2.8551333,0,1,2015-02-16
1480,1481,1302.0,0,1,3,2,8,2.8551333,0,0,2015-02-17
1481,1482,1095.0,0,2,3,2,8,2.8551333,0,1,2015-02-18
1482,1483,1162.0,0,3,3,2,8,2.8551333,0,0,2015-02-19
1483,1484,1267.0,0,4,3,2,8,2.8551333,0,0,2015-02-20
1484,1485,1878.0,1,5,3,2,8,2.862594,0,0,2015-02-21
1485,1486,1722.0,1,6,4,2,8,2.862594,0,0,2015-02-22
1486,1487,1223.0,0,0,4,2,9,2.862594,0,0,2015-02-23
1487,1488,1247.0,0,1,4,2,9,2.862594,0,0,2015-02-24
1488,1489,1078.0,0,2,4,2,9,2.862594,0,1,2015-02-25
1489,1490,1123.0,0,3,4,2,9,2.862594,0,0,2015-02-26
1490,1491,1456.0,0,4,4,2,9,2.862594,0,0,2015-02-27
1491,1492,1735.0,1,5,4,2,9,2.862045,0,0,2015-02-28
1492,1493,1857.0,1,6,1,3,9,2.862045,2,0,2015-03-01
1493,1494,1980.0,0,0,1,3,10,2.862045,2,0,2015-03-02
1494,1495,1530.0,0,1,1,3,10,2.862045,3,0,2015-03-03
1495,1496,1362.0,0,2,1,3,10,2.862045,1,0,2015-03-04
1496,1497,1561.0,0,3,1,3,10,2.862045,3,1,2015-03-05
1497,1498,1839.0,0,4,1,3,10,2.862045,3,0,2015-03-06
1498,1499,1892.0,1,5,1,3,10,2.874695,2,0,2015-03-07
1499,1500,1948.0,1,6,2,3,10,2.874695,2,0,2015-03-08
1500,1501,1598.0,0,0,2,3,11,2.874695,3,0,2015-03-09
1501,1502,1332.0,0,1,2,3,11,2.874695,1,0,2015-03-10
1502,1503,1543.0,0,2,2,3,11,2.874695,2,0,2015-03-11
1503,1504,1621.0,0,3,2,3,11,2.874695,2,0,2015-03-12
1504,1505,1355.0,0,4,2,3,11,2.874695,1,0,2015-03-13
1505,1506,1974.0,1,5,2,3,11,2.8840365,1,0,2015-03-14
1506,1507,2245.0,1,6,3,3,11,2.8840365,2,0,2015-03-15
1507,1508,1659.0,0,0,3,3,12,2.8840365,0,0,2015-03-16
1508,1509,1409.0,0,1,3,3,12,2.8840365,0,1,2015-03-17
1509,1510,1194.0,0,2,3,3,12,2.8840365,0,0,2015-03-18
1510,1511,1120.0,0,3,3,3,12,2.8840365,0,0,2015-03-19
1511,1512,1316.0,0,4,3,3,12,2.8840365,0,0,2015-03-20
1512,1513,1652.0,1,5,3,3,12,2.890296,0,0,2015-03-21
1513,1514,1469.0,1,6,4,3,12,2.890296,0,0,2015-03-22
1514,1515,1128.0,0,0,4,3,13,2.890296,0,0,2015-03-23
1515,1516,1022.0,0,1,4,3,13,2.890296,0,0,2015-03-24
1516,1517,1035.0,0,2,4,3,13,2.890296,0,0,2015-03-25
1517,1518,1141.0,0,3,4,3,13,2.890296,0,0,2015-03-26
1518,1519,1380.0,0,4,4,3,13,2.890296,0,0,2015-03-27
1519,1520,1530.0,1,5,4,3,13,2.8897686,0,0,2015-03-28
1520,1521,1390.0,1,6,5,3,13,2.8897686,0,0,2015-03-29
1521,1522,1001.0,0,0,5,3,14,2.8897686,0,0,2015-03-30
1522,1523,1063.0,0,1,5,3,14,2.8897686,0,0,2015-03-31
1523,1524,1228.0,0,2,1,4,14,2.8897686,2,0,2015-04-01
1524,1525,1513.0,0,3,1,4,14,2.8897686,2,0,2015-04-02
1525,1526,1784.0,0,4,1,4,14,2.8897686,3,0,2015-04-03
1526,1527,1905.0,1,5,1,4,14,2.8925815,1,0,2015-04-04
1527,1528,1837.0,1,6,1,4,14,2.8925815,3,1,2015-04-05
1528,1529,1817.0,0,0,1,4,15,2.8925815,3,0,2015-04-06
1529,1530,1505.0,0,1,1,4,15,2.8925815,2,0,2015-04-07
1530,1531,1548.0,0,2,2,4,15,2.8925815,2,0,2015-04-08
1531,1532,1457.0,0,3,2,4,15,2.8925815,3,0,2015-04-09
1532,1533,1713.0,0,4,2,4,15,2.8925815,1,0,2015-04-10
1533,1534,2159.0,1,5,2,4,15,2.8803303,2,1,2015-04-11
1534,1535,2343.0,1,6,2,4,15,2.8803303,2,1,2015-04-12
1535,1536,1645.0,0,0,2,4,16,2.8803303,1,0,2015-04-13
1536,1537,2400.0,0,1,2,4,16,2.8803303,1,0,2015-04-14
1537,1538,1822.0,0,2,3,4,16,2.8803303,2,0,2015-04-15
1538,1539,1390.0,0,3,3,4,16,2.8803303,0,0,2015-04-16
1539,1540,1485.0,0,4,3,4,16,2.8803303,0,0,2015-04-17
1540,1541,1674.0,1,5,3,4,16,2.8846452,0,0,2015-04-18
1541,1542,1902.0,1,6,3,4,16,2.8846452,0,0,2015-04-19
1542,1543,1199.0,0,0,3,4,17,2.8846452,0,0,2015-04-20
1543,1544,1158.0,0,1,3,4,17,2.8846452,0,0,2015-04-21
1544,1545,1119.0,0,2,4,4,17,2.8846452,0,0,2015-04-22
1545,1546,1048.0,0,3,4,4,17,2.8846452,0,0,2015-04-23
1546,1547,1480.0,0,4,4,4,17,2.8846452,0,0,2015-04-24
1547,1548,1660.0,1,5,4,4,17,2.8844132,0,0,2015-04-25
1548,1549,1706.0,1,6,4,4,17,2.8844132,0,0,2015-04-26
1549,1550,1223.0,0,0,4,4,18,2.8844132,0,0,2015-04-27
1550,1551,1129.0,0,1,4,4,18,2.8844132,0,0,2015-04-28
1551,1552,966.0,0,2,5,4,18,2.8844132,0,0,2015-04-29
1552,1553,1033.0,0,3,5,4,18,2.8844132,0,0,2015-04-30
1553,1554,1507.0,0,4,1,5,18,2.8844132,2,0,2015-05-01
1554,1555,2384.0,1,5,1,5,18,2.8893666,2,0,2015-05-02
1555,1556,2535.0,1,6,1,5,18,2.8893666,3,0,2015-05-03
1556,1557,1602.0,0,0,1,5,19,2.8893666,1,0,2015-05-04
1557,1558,1604.0,0,1,1,5,19,2.8893666,3,1,2015-05-05
1558,1559,1599.0,0,2,1,5,19,2.8893666,3,0,2015-05-06
1559,1560,1409.0,0,3,1,5,19,2.8893666,2,0,2015-05-07
1560,1561,1851.0,0,4,2,5,19,2.8893666,2,0,2015-05-08
1561,1562,2132.0,1,5,2,5,19,2.8944252,3,0,2015-05-09
1562,1563,1603.0,1,6,2,5,19,2.8944252,1,1,2015-05-10
1563,1564,1644.0,0,0,2,5,20,2.8944252,2,0,2015-05-11
1564,1565,1670.0,0,1,2,5,20,2.8944252,2,0,2015-05-12
1565,1566,1398.0,0,2,2,5,20,2.8944252,1,0,2015-05-13
1566,1567,1294.0,0,3,2,5,20,2.8944252,1,0,2015-05-14
1567,1568,1663.0,0,4,3,5,20,2.8944252,2,0,2015-05-15
1568,1569,1650.0,1,5,3,5,20,2.8971784,0,0,2015-05-16
1569,1570,1775.0,1,6,3,5,20,2.8971784,0,0,2015-05-17
1570,1571,1282.0,0,0,3,5,21,2.8971784,0,0,2015-05-18
1571,1572,1207.0,0,1,3,5,21,2.8971784,0,0,2015-05-19
1572,1573,1083.0,0,2,3,5,21,2.8971784,0,0,2015-05-20
1573,1574,1153.0,0,3,3,5,21,2.8971784,0,0,2015-05-21
1574,1575,1389.0,0,4,4,5,21,2.8971784,0,0,2015-05-22
1575,1576,1612.0,1,5,4,5,21,2.897154,0,0,2015-05-23
1576,1577,1308.0,1,6,4,5,21,2.897154,0,0,2015-05-24
1577,1578,1502.0,0,0,4,5,22,2.897154,0,1,2015-05-25
1578,1579,1081.0,0,1,4,5,22,2.897154,0,0,2015-05-26
1579,1580,1022.0,0,2,4,5,22,2.897154,0,0,2015-05-27
1580,1581,1080.0,0,3,4,5,22,2.897154,0,0,2015-05-28
1581,1582,1155.0,0,4,5,5,22,2.897154,0,0,2015-05-29
1582,1583,1466.0,1,5,5,5,22,2.8997464,0,0,2015-05-30
1583,1584,1498.0,1,6,5,5,22,2.8997464,0,0,2015-05-31
1584,1585,1152.0,0,0,1,6,23,2.8997464,2,0,2015-06-01
1585,1586,1495.0,0,1,1,6,23,2.8997464,2,0,2015-06-02
1586,1587,1420.0,0,2,1,6,23,2.8997464,3,0,2015-06-03
1587,1588,1268.0,0,3,1,6,23,2.8997464,1,1,2015-06-04
1588,1589,1867.0,0,4,1,6,23,2.8997464,3,0,2015-06-05
1589,1590,1871.0,1,5,1,6,23,2.899877,3,0,2015-06-06
1590,1591,1808.0,1,6,1,6,23,2.899877,2,0,2015-06-07
1591,1592,1585.0,0,0,2,6,24,2.899877,2,0,2015-06-08
1592,1593,1600.0,0,1,2,6,24,2.899877,3,0,2015-06-09
1593,1594,1467.0,0,2,2,6,24,2.899877,1,0,2015-06-10
1594,1595,1360.0,0,3,2,6,24,2.899877,2,0,2015-06-11
1595,1596,1810.0,0,4,2,6,24,2.899877,2,0,2015-06-12
1596,1597,1580.0,1,5,2,6,24,2.9036124,1,0,2015-06-13
1597,1598,2470.0,1,6,2,6,24,2.9036124,1,0,2015-06-14
1598,1599,1834.0,0,0,3,6,25,2.9036124,2,0,2015-06-15
1599,1600,1637.0,0,1,3,6,25,2.9036124,0,1,2015-06-16
1600,1601,1250.0,0,2,3,6,25,2.9036124,0,0,2015-06-17
1601,1602,1366.0,0,3,3,6,25,2.9036124,0,1,2015-06-18
1602,1603,1720.0,0,4,3,6,25,2.9036124,0,0,2015-06-19
1603,1604,1825.0,1,5,3,6,25,2.900243,0,0,2015-06-20
1604,1605,1740.0,1,6,3,6,25,2.900243,0,1,2015-06-21
1605,1606,1407.0,0,0,4,6,26,2.900243,0,0,2015-06-22
1606,1607,1371.0,0,1,4,6,26,2.900243,0,0,2015-06-23
1607,1608,1270.0,0,2,4,6,26,2.900243,0,0,2015-06-24
1608,1609,1295.0,0,3,4,6,26,2.900243,0,0,2015-06-25
1609,1610,1145.0,0,4,4,6,26,2.900243,0,0,2015-06-26
1610,1611,1477.0,1,5,4,6,26,2.9041007,0,0,2015-06-27
1611,1612,1638.0,1,6,4,6,26,2.9041007,0,0,2015-06-28
1612,1613,1145.0,0,0,5,6,27,2.9041007,0,0,2015-06-29
1613,1614,1183.0,0,1,5,6,27,2.9041007,0,0,2015-06-30
1614,1615,1357.0,0,2,1,7,27,2.9041007,2,0,2015-07-01
1615,1616,1982.0,0,3,1,7,27,2.9041007,2,0,2015-07-02
1616,1617,2880.0,0,4,1,7,27,2.9041007,3,0,2015-07-03
1617,1618,1885.0,1,5,1,7,27,2.903956,1,1,2015-07-04
1618,1619,1885.0,1,6,1,7,27,2.903956,3,0,2015-07-05
1619,1620,1929.0,0,0,1,7,28,2.903956,3,0,2015-07-06
1620,1621,1434.0,0,1,1,7,28,2.903956,2,0,2015-07-07
1621,1622,1487.0,0,2,2,7,28,2.903956,2,0,2015-07-08
1622,1623,1754.0,0,3,2,7,28,2.903956,3,0,2015-07-09
1623,1624,1687.0,0,4,2,7,28,2.903956,1,0,2015-07-10
1624,1625,2302.0,1,5,2,7,28,2.903956,2,0,2015-07-11
1625,1626,2268.0,1,6,2,7,28,2.903956,2,0,2015-07-12
1626,1627,1872.0,0,0,2,7,29,2.903956,1,0,2015-07-13
1627,1628,1849.0,0,1,2,7,29,2.903956,1,0,2015-07-14
1628,1629,1654.0,0,2,3,7,29,2.903956,2,0,2015-07-15
1629,1630,1497.0,0,3,3,7,29,2.903956,0,0,2015-07-16
1630,1631,2026.0,0,4,3,7,29,2.903956,0,0,2015-07-17
1631,1632,1905.0,1,5,3,7,29,2.903956,0,1,2015-07-18
1632,1633,2123.0,1,6,3,7,29,2.903956,0,0,2015-07-19
1633,1634,1411.0,0,0,3,7,30,2.903956,0,0,2015-07-20
1634,1635,1405.0,0,1,3,7,30,2.903956,0,0,2015-07-21
1635,1636,1357.0,0,2,4,7,30,2.903956,0,0,2015-07-22
1636,1637,1338.0,0,3,4,7,30,2.903956,0,0,2015-07-23
1637,1638,1614.0,0,4,4,7,30,2.903956,0,0,2015-07-24
1638,1639,1735.0,1,5,4,7,30,2.905801,0,0,2015-07-25
1639,1640,1504.0,1,6,4,7,30,2.905801,0,0,2015-07-26
1640,1641,1450.0,0,0,4,7,31,2.905801,0,0,2015-07-27
1641,1642,1223.0,0,1,4,7,31,2.905801,0,0,2015-07-28
1642,1643,1212.0,0,2,5,7,31,2.905801,0,0,2015-07-29
1643,1644,1388.0,0,3,5,7,31,2.905801,0,0,2015-07-30
1644,1645,1776.0,0,4,5,7,31,2.905801,0,0,2015-07-31
1645,1646,1851.0,1,5,1,8,31,2.904,2,0,2015-08-01
1646,1647,2344.0,1,6,1,8,31,2.904,2,0,2015-08-02
1647,1648,1967.0,0,0,1,8,32,2.904,3,0,2015-08-03
1648,1649,1700.0,0,1,1,8,32,2.904,1,0,2015-08-04
1649,1650,1613.0,0,2,1,8,32,2.904,3,0,2015-08-05
1650,1651,1734.0,0,3,1,8,32,2.904,3,0,2015-08-06
1651,1652,1686.0,0,4,1,8,32,2.904,2,0,2015-08-07
1652,1653,2093.0,1,5,2,8,32,2.9033237,2,0,2015-08-08
1653,1654,2322.0,1,6,2,8,32,2.9033237,3,0,2015-08-09
1654,1655,1419.0,0,0,2,8,33,2.9033237,1,0,2015-08-10
1655,1656,1622.0,0,1,2,8,33,2.9033237,2,0,2015-08-11
1656,1657,1541.0,0,2,2,8,33,2.9033237,2,0,2015-08-12
1657,1658,1341.0,0,3,2,8,33,2.9033237,1,0,2015-08-13
1658,1659,2005.0,0,4,2,8,33,2.9033237,1,0,2015-08-14
1659,1660,2138.0,1,5,3,8,33,2.9047806,2,0,2015-08-15
1660,1661,2271.0,1,6,3,8,33,2.9047806,0,0,2015-08-16
1661,1662,1637.0,0,0,3,8,34,2.9047806,0,0,2015-08-17
1662,1663,1421.0,0,1,3,8,34,2.9047806,0,0,2015-08-18
1663,1664,1400.0,0,2,3,8,34,2.9047806,0,0,2015-08-19
1664,1665,1195.0,0,3,3,8,34,2.9047806,0,0,2015-08-20
1665,1666,1594.0,0,4,3,8,34,2.9047806,0,0,2015-08-21
1666,1667,1706.0,1,5,4,8,34,2.9033253,0,0,2015-08-22
1667,1668,1544.0,1,6,4,8,34,2.9033253,0,0,2015-08-23
1668,1669,1258.0,0,0,4,8,35,2.9033253,0,0,2015-08-24
1669,1670,1187.0,0,1,4,8,35,2.9033253,0,0,2015-08-25
1670,1671,1144.0,0,2,4,8,35,2.9033253,0,0,2015-08-26
1671,1672,1323.0,0,3,4,8,35,2.9033253,0,0,2015-08-27
1672,1673,1490.0,0,4,4,8,35,2.9033253,0,0,2015-08-28
1673,1674,1665.0,1,5,5,8,35,2.9033751,0,0,2015-08-29
1674,1675,1877.0,1,6,5,8,35,2.9033751,0,0,2015-08-30
1675,1676,1574.0,0,0,5,8,36,2.9033751,0,0,2015-08-31
1676,1677,1680.0,0,1,1,9,36,2.9033751,2,0,2015-09-01
1677,1678,1978.0,0,2,1,9,36,2.9033751,2,0,2015-09-02
1678,1679,2052.0,0,3,1,9,36,2.9033751,3,0,2015-09-03
1679,1680,1754.0,0,4,1,9,36,2.9033751,1,0,2015-09-04
1680,1681,2195.0,1,5,1,9,36,2.9033751,3,0,2015-09-05
1681,1682,2594.0,1,6,1,9,36,2.9033751,3,0,2015-09-06
1682,1683,2151.0,0,0,1,9,37,2.9033751,2,1,2015-09-07
1683,1684,1671.0,0,1,2,9,37,2.9033751,2,0,2015-09-08
1684,1685,1826.0,0,2,2,9,37,2.9033751,3,0,2015-09-09
1685,1686,1569.0,0,3,2,9,37,2.9033751,1,0,2015-09-10
1686,1687,1993.0,0,4,2,9,37,2.9033751,2,0,2015-09-11
1687,1688,2407.0,1,5,2,9,37,2.9039826,2,0,2015-09-12
1688,1689,2444.0,1,6,2,9,37,2.9039826,1,0,2015-09-13
1689,1690,1958.0,0,0,2,9,38,2.9039826,1,0,2015-09-14
1690,1691,2107.0,0,1,3,9,38,2.9039826,2,0,2015-09-15
1691,1692,1618.0,0,2,3,9,38,2.9039826,0,0,2015-09-16
1692,1693,1464.0,0,3,3,9,38,2.9039826,0,0,2015-09-17
1693,1694,1563.0,0,4,3,9,38,2.9039826,0,0,2015-09-18
1694,1695,2092.0,1,5,3,9,38,2.9047065,0,0,2015-09-19
1695,1696,2132.0,1,6,3,9,38,2.9047065,0,0,2015-09-20
1696,1697,1394.0,0,0,3,9,39,2.9047065,0,0,2015-09-21
1697,1698,1425.0,0,1,4,9,39,2.9047065,0,0,2015-09-22
1698,1699,1286.0,0,2,4,9,39,2.9047065,0,0,2015-09-23
1699,1700,1405.0,0,3,4,9,39,2.9047065,0,1,2015-09-24
1700,1701,1820.0,0,4,4,9,39,2.9047065,0,0,2015-09-25
1701,1702,1864.0,1,5,4,9,39,2.9009385,0,0,2015-09-26
1702,1703,2185.0,1,6,4,9,39,2.9009385,0,0,2015-09-27
1703,1704,1523.0,0,0,4,9,40,2.9009385,0,0,2015-09-28
1704,1705,1198.0,0,1,5,9,40,2.9009385,0,0,2015-09-29
1705,1706,1243.0,0,2,5,9,40,2.9009385,0,0,2015-09-30
1706,1707,1324.0,0,3,1,10,40,2.9009385,2,0,2015-10-01
1707,1708,2112.0,0,4,1,10,40,2.9009385,2,0,2015-10-02
1708,1709,2650.0,1,5,1,10,40,2.9056563,3,0,2015-10-03
1709,1710,2449.0,1,6,1,10,40,2.9056563,1,0,2015-10-04
1710,1711,2104.0,0,0,1,10,41,2.9056563,3,0,2015-10-05
1711,1712,2065.0,0,1,1,10,41,2.9056563,3,0,2015-10-06
1712,1713,1562.0,0,2,1,10,41,2.9056563,2,0,2015-10-07
1713,1714,1770.0,0,3,2,10,41,2.9056563,2,0,2015-10-08
1714,1715,2212.0,0,4,2,10,41,2.9056563,3,0,2015-10-09
1715,1716,2201.0,1,5,2,10,41,2.903905,1,0,2015-10-10
1716,1717,2420.0,1,6,2,10,41,2.903905,2,0,2015-10-11
1717,1718,1915.0,0,0,2,10,42,2.903905,2,1,2015-10-12
1718,1719,1492.0,0,1,2,10,42,2.903905,1,0,2015-10-13
1719,1720,1819.0,0,2,2,10,42,2.903905,1,0,2015-10-14
1720,1721,1877.0,0,3,3,10,42,2.903905,2,0,2015-10-15
1721,1722,1848.0,0,4,3,10,42,2.903905,0,0,2015-10-16
1722,1723,2219.0,1,5,3,10,42,2.9068716,0,0,2015-10-17
1723,1724,2226.0,1,6,3,10,42,2.9068716,0,0,2015-10-18
1724,1725,1464.0,0,0,3,10,43,2.9068716,0,0,2015-10-19
1725,1726,1444.0,0,1,3,10,43,2.9068716,0,0,2015-10-20
1726,1727,1378.0,0,2,3,10,43,2.9068716,0,0,2015-10-21
1727,1728,1273.0,0,3,4,10,43,2.9068716,0,0,2015-10-22
1728,1729,1709.0,0,4,4,10,43,2.9068716,0,0,2015-10-23
1729,1730,1977.0,1,5,4,10,43,2.9070294,0,0,2015-10-24
1730,1731,2012.0,1,6,4,10,43,2.9070294,0,0,2015-10-25
1731,1732,1405.0,0,0,4,10,44,2.9070294,0,0,2015-10-26
1732,1733,1266.0,0,1,4,10,44,2.9070294,0,0,2015-10-27
